// Jest Snapshot v1, https://goo.gl/fbAQLP

exports[`<Header /> renders correctly 1`] = `"<header class=\\"center\\"><svg class=\\"MuiSvgIcon-root\\" focusable=\\"false\\" viewBox=\\"0 0 24 24\\" aria-hidden=\\"true\\" data-testid=\\"left-arrow\\"><path d=\\"M14 7l-5 5 5 5V7z\\"></path></svg><h3 class=\\"text-center\\">Timeline</h3><svg class=\\"MuiSvgIcon-root\\" focusable=\\"false\\" viewBox=\\"0 0 24 24\\" aria-hidden=\\"true\\" data-testid=\\"right-arrow\\"><path d=\\"M10 17l5-5-5-5v10z\\"></path></svg></header><h2 class=\\"MuiTypography-root text-center MuiTypography-h2 MuiTypography-gutterBottom\\">2020-05-14</h2>"`;
