// Jest Snapshot v1, https://goo.gl/fbAQLP

exports[`<ActivityDropdown /> renders correctly 1`] = `"<div><label class=\\"MuiFormLabel-root MuiInputLabel-root MuiInputLabel-animated\\" for=\\"select_field_activity_dropdown\\">Select Activity</label><div class=\\"MuiInputBase-root MuiInput-root MuiInput-underline\\" style=\\"color: rgb(255, 255, 255);\\"><select class=\\"MuiSelect-root MuiSelect-select MuiInputBase-input MuiInput-input\\" id=\\"select_field_activity_dropdown\\" name=\\"activity\\"><option aria-label=\\"None\\"> - </option><option aria-label=\\"-\\" value=\\"-1\\"> -</option></select><svg class=\\"MuiSvgIcon-root MuiSelect-icon\\" focusable=\\"false\\" viewBox=\\"0 0 24 24\\" aria-hidden=\\"true\\"><path d=\\"M7 10l5 5 5-5z\\"></path></svg></div><button class=\\"MuiButtonBase-root MuiButton-root MuiButton-outlined MuiButton-outlinedPrimary\\" tabindex=\\"0\\" type=\\"submit\\" id=\\"submitButton\\"><span class=\\"MuiButton-label\\">Submit</span><span class=\\"MuiTouchRipple-root\\"></span></button></div>"`;
